

HI-TECH Software 8051 Macro Assembler V9.60                                Page 1
                                                       Thu May 21 09:00:33 2026

     1                           	psect	idata,class=DATA,space=1,limit=080h
     2                           	psect	irdata,class=DATA,limit=080h
     3                           	global	stack_internal
     4                           	psect	code,class=CODE
     5                           	psect	code
     6                           	global	_dac_codes
     7  00003                     _dac_codes:
     8  00003  00                 	db	(0)
     9  00004  09                 	db	(9)
    10  00005  12                 	db	(18)
    11  00006  1B                 	db	(27)
    12  00007  24                 	db	(36)
    13  00008  2D                 	db	(45)
    14  00009  36                 	db	(54)
    15  0000A  3F                 	db	(63)
    16  0000B  48                 	db	(72)
    17  0000C  51                 	db	(81)
    18  0000D  5A                 	db	(90)
    19  0000E  63                 	db	(99)
    20  0000F  6C                 	db	(108)
    21  00010  75                 	db	(117)
    22  00011  7E                 	db	(126)
    23  00012  87                 	db	(135)
    24  00013  90                 	db	(144)
    25  00014  99                 	db	(153)
    26  00015  A2                 	db	(162)
    27  00016  AB                 	db	(171)
    28  00017  B4                 	db	(180)
    29  00018  BD                 	db	(189)
    30  00019  C6                 	db	(198)
    31  0001A  CF                 	db	(207)
    32  0001B  D8                 	db	(216)
    33  0001C  E1                 	db	(225)
    34  0001D  EA                 	db	(234)
    35  0001E  F3                 	db	(243)
    36  0001F  FC                 	db	(252)
    37  00020  FF                 	db	(255)
    38  00021  FF                 	db	(255)
    39  00022  FF                 	db	(255)
    40  00023  FF                 	db	(255)
    41  00024  FF                 	db	(255)
    42  00025  FF                 	db	(255)
    43  00026  FF                 	db	(255)
    44  00027  FF                 	db	(255)
    45  00028  FF                 	db	(255)
    46  00029  FF                 	db	(255)
    47  0002A  FF                 	db	(255)
    48  0002B  FF                 	db	(255)
    49  0002C  FF                 	db	(255)
    50  0002D  FF                 	db	(255)
    51  0002E  FF                 	db	(255)
    52  0002F  FF                 	db	(255)
    53  00030  FF                 	db	(255)
    54  00031  FF                 	db	(255)
    55  00032  FF                 	db	(255)
    56  00033  FF                 	db	(255)
    57  00034  FF                 	db	(255)
    58  00035  FF                 	db	(255)
    59  00036  F6                 	db	(246)
    60  00037  ED                 	db	(237)
    61  00038  E4                 	db	(228)
    62  00039  DB                 	db	(219)
    63  0003A  D2                 	db	(210)
    64  0003B  C9                 	db	(201)
    65  0003C  C0                 	db	(192)
    66  0003D  B7                 	db	(183)
    67  0003E  AE                 	db	(174)
    68  0003F  A5                 	db	(165)
    69  00040  9C                 	db	(156)
    70  00041  93                 	db	(147)
    71  00042  8A                 	db	(138)
    72  00043  81                 	db	(129)
    73  00044  78                 	db	(120)
    74  00045  6F                 	db	(111)
    75  00046  66                 	db	(102)
    76  00047  5D                 	db	(93)
    77  00048  54                 	db	(84)
    78  00049  4B                 	db	(75)
    79  0004A  42                 	db	(66)
    80  0004B  39                 	db	(57)
    81  0004C  30                 	db	(48)
    82  0004D  32                 	db	(50)
    83  0004E  00                 	db	(0)
    84  0004F  00                 	db	(0)
    85  00050  00                 	db	(0)
    86  00051  00                 	db	(0)
    87  00052  00                 	db	(0)
    88  00053  00                 	db	(0)
    89  00054  00                 	db	(0)
    90  00055  00                 	db	(0)
    91  00056  00                 	db	(0)
    92  00057  00                 	db	(0)
    93  00058  00                 	db	(0)
    94  00059  00                 	db	(0)
    95  0005A  00                 	db	(0)
    96  0005B  00                 	db	(0)
    97  0005C  00                 	db	(0)
    98  0005D  00                 	db	(0)
    99  0005E  00                 	db	(0)
   100  0005F  00                 	db	(0)
   101  00060  00                 	db	(0)
   102  00061  00                 	db	(0)
   103  00062  00                 	db	(0)
   104  00063  00                 	db	(0)
   105  00064  00                 	db	(0)
   106  00065  00                 	db	(0)
   107  00066  00                 	db	(0)
   108                           	global	_main
   109                           	signat	_main,88
   110                           	psect	text,class=CODE
   111                           	psect	text
   112                           	file	"D:\ภัยา2\Pr9\pr9\project1\main.c"
   113                           	line	29
   114  00067                     _main:
   115  00067  80 1F              	j	f1431
   116  00069                     f1430:
   117                           ;main.c: 29: void main(void) {
   118                           
   119                           ;main.c: 30: step = 0;
   120                           
   121                           	global	_step
   122                           	line	30
   123  00069  75 20  00          	mov	_step,#0
   124                           ;main.c: 31: P1 = dac_codes[0];
   125                           
   126                           	line	31
   127  0006C  90 0003            	mov	dptr,#_dac_codes
   128  0006F  E4                 	clr	a
   129  00070  93                 	movc	a,@a+dptr
   130  00071  F5 90              	mov	090h,a
   131                           ;main.c: 33: while(1) {
   132                           
   133                           	line	33
   134  00073                     l4:
   135                           ;main.c: 34: step++;
   136                           
   137                           	line	34
   138  00073  05 20              	inc	_step
   139                           ;main.c: 35: if(step == 100) step = 0;
   140                           
   141                           	line	35
   142  00075  E5 20              	mov	a,_step
   143  00077  B4 64 03           	cbne	a,#(100),l6
   144  0007A  75 20  00          	mov	_step,#0
   145  0007D                     l6:
   146                           ;main.c: 36: P1 = dac_codes[step];
   147                           
   148                           	line	36
   149  0007D  E5 20              	mov	a,_step
   150  0007F  90 0003            	mov	dptr,#_dac_codes
   151  00082  93                 	movc	a,@a+dptr
   152  00083  F5 90              	mov	090h,a
   153                           	line	37
   154  00085                     l3:
   155                           	line	33
   156  00085  80 EC              	jmp	l4
   157  00087                     l5:
   158                           ;main.c: 37: }
   159                           
   160                           ;main.c: 38: }
   161                           
   162                           	line	38
   163  00087                     l2:
   164  00087  22                 	ret
   165  00088                     f1431:
   166  00088  80 DF              	j	f1430
   167  0000                     f1432	equ	0
   168  0000                     _A10	equ	162
   169  0000                     _A11	equ	163
   170  0000                     _A12	equ	164
   171  0000                     _A13	equ	165
   172  0000                     _A14	equ	166
   173  0000                     _A15	equ	167
   174  0000                     _A8	equ	160
   175  0000                     _A9	equ	161
   176  0000                     _AC	equ	214
   177  0000                     _ACC0	equ	224
   178  0000                     _ACC1	equ	225
   179  0000                     _ACC2	equ	226
   180  0000                     _ACC3	equ	227
   181  0000                     _ACC4	equ	228
   182  0000                     _ACC5	equ	229
   183  0000                     _ACC6	equ	230
   184  0000                     _ACC7	equ	231
   185  0000                     _AD0	equ	128
   186  0000                     _AD1	equ	129
   187  0000                     _AD2	equ	130
   188  0000                     _AD3	equ	131
   189  0000                     _AD4	equ	132
   190  0000                     _AD5	equ	133
   191  0000                     _AD6	equ	134
   192  0000                     _AD7	equ	135
   193  0000                     _B0	equ	240
   194  0000                     _B1	equ	241
   195  0000                     _B2	equ	242
   196  0000                     _B3	equ	243
   197  0000                     _B4	equ	244
   198  0000                     _B5	equ	245
   199  0000                     _B6	equ	246
   200  0000                     _B7	equ	247
   201  0000                     _CY	equ	215
   202  0000                     _EA	equ	175
   203  0000                     _ES	equ	172
   204  0000                     _ET0	equ	169
   205  0000                     _ET1	equ	171
   206  0000                     _EX0	equ	168
   207  0000                     _EX1	equ	170
   208  0000                     _F0	equ	213
   209  0000                     _IE0	equ	137
   210  0000                     _IE1	equ	139
   211  0000                     _INT0	equ	178
   212  0000                     _INT1	equ	179
   213  0000                     _IT0	equ	136
   214  0000                     _IT1	equ	138
   215  0000                     _OV	equ	210
   216  0000                     _P	equ	208
   217  0000                     _P00	equ	128
   218  0000                     _P01	equ	129
   219  0000                     _P02	equ	130
   220  0000                     _P03	equ	131
   221  0000                     _P04	equ	132
   222  0000                     _P05	equ	133
   223  0000                     _P06	equ	134
   224  0000                     _P07	equ	135
   225  0000                     _P10	equ	144
   226  0000                     _P11	equ	145
   227  0000                     _P12	equ	146
   228  0000                     _P13	equ	147
   229  0000                     _P14	equ	148
   230  0000                     _P15	equ	149
   231  0000                     _P16	equ	150
   232  0000                     _P17	equ	151
   233  0000                     _P20	equ	160
   234  0000                     _P21	equ	161
   235  0000                     _P22	equ	162
   236  0000                     _P23	equ	163
   237  0000                     _P24	equ	164
   238  0000                     _P25	equ	165
   239  0000                     _P26	equ	166
   240  0000                     _P27	equ	167
   241  0000                     _P30	equ	176
   242  0000                     _P31	equ	177
   243  0000                     _P32	equ	178
   244  0000                     _P33	equ	179
   245  0000                     _P34	equ	180
   246  0000                     _P35	equ	181
   247  0000                     _P36	equ	182
   248  0000                     _P37	equ	183
   249  0000                     _PS	equ	188
   250  0000                     _PT0	equ	185
   251  0000                     _PT1	equ	187
   252  0000                     _PX0	equ	184
   253  0000                     _PX1	equ	186
   254  0000                     _RB8	equ	154
   255  0000                     _RD	equ	183
   256  0000                     _REN	equ	156
   257  0000                     _RI	equ	152
   258  0000                     _RS0	equ	211
   259  0000                     _RS1	equ	212
   260  0000                     _RXD	equ	176
   261  0000                     _SM0	equ	159
   262  0000                     _SM1	equ	158
   263  0000                     _SM2	equ	157
   264  0000                     _T0	equ	180
   265  0000                     _T1	equ	181
   266  0000                     _TB8	equ	155
   267  0000                     _TF0	equ	141
   268  0000                     _TF1	equ	143
   269  0000                     _TI	equ	153
   270  0000                     _TR0	equ	140
   271  0000                     _TR1	equ	142
   272  0000                     _TXD	equ	177
   273  0000                     _WR	equ	182
   274  0000                     _ACC	equ	224
   275  0000                     _B	equ	240
   276  0000                     _DPH	equ	131
   277  0000                     _DPL	equ	130
   278  0000                     _IE	equ	168
   279  0000                     _IP	equ	184
   280  0000                     _P0	equ	128
   281  0000                     _P1	equ	144
   282  0000                     _P2	equ	160
   283  0000                     _P3	equ	176
   284  0000                     _PCON	equ	135
   285  0000                     _PSW	equ	208
   286  0000                     _SBUF	equ	153
   287  0000                     _SCON	equ	152
   288  0000                     _SP	equ	129
   289  0000                     _TCON	equ	136
   290  0000                     _TH0	equ	140
   291  0000                     _TH1	equ	141
   292  0000                     _TL0	equ	138
   293  0000                     _TL1	equ	139
   294  0000                     _TMOD	equ	137
   295                           	psect	rbss,class=DATA,space=1
   296                           	psect	rbss
   297                           	global	_step
   298  00020                     _step:
   299  00020                     	ds	1
   300  0000                     _ACC_BITS	equ	224
   301  0000                     _B_BITS	equ	240
   302  0000                     _IE_BITS	equ	168
   303  0000                     _IP_BITS	equ	184
   304  0000                     _P0_BITS	equ	128
   305  0000                     _P1_BITS	equ	144
   306  0000                     _P2_BITS	equ	160
   307  0000                     _P3_BITS	equ	176
   308  0000                     _PCON_BITS	equ	135
   309  0000                     _PSW_BITS	equ	208
   310  0000                     _SCON_BITS	equ	152
   311  0000                     _TCON_BITS	equ	136
   312  0000                     _TMOD_BITS	equ	137


HI-TECH Software 8051 Macro Assembler V9.60                                Page 2
Symbol Table                                           Thu May 21 09:00:33 2026

            _B 000F0              l2 00087              l3 00085  
            l4 00073              l5 00087              _P 000D0  
            l6 0007D             _B0 000F0             _B1 000F1  
           _B2 000F2             _B3 000F3             _B4 000F4  
           _B5 000F5             _B6 000F6             _A8 000A0  
           _B7 000F7             _A9 000A1             _F0 000D5  
           _AC 000D6             _EA 000AF             _P0 00080  
           _P1 00090             _P2 000A0             _P3 000B0  
           _IE 000A8             _T0 000B4             _T1 000B5  
           _ES 000AC             _CY 000D7             _IP 000B8  
           _RD 000B7             _RI 00098             _TI 00099  
           _PS 000BC             _OV 000D2             _SP 00081  
           _WR 000B6         _B_BITS 000F0            _A10 000A2  
          _A11 000A3            _A12 000A4            _A13 000A5  
          _A14 000A6            _A15 000A7            _AD0 00080  
          _AD1 00081            _AD2 00082            _AD3 00083  
          _AD4 00084            _AD5 00085            _AD6 00086  
          _AD7 00087            _ACC 000E0            _P00 00080  
          _P01 00081            _P10 00090            _P02 00082  
          _P11 00091            _P03 00083            _P20 000A0  
          _P12 00092            _P04 00084            _P21 000A1  
          _P13 00093            _P05 00085            _P30 000B0  
          _P22 000A2            _P14 00094            _P06 00086  
          _P31 000B1            _P23 000A3            _P15 00095  
          _P07 00087            _P32 000B2            _P24 000A4  
          _P16 00096            _P33 000B3            _P25 000A5  
          _P17 00097            _P34 000B4            _P26 000A6  
          _P35 000B5            _P27 000A7            _P36 000B6  
          _P37 000B7            _IE0 00089            _IE1 0008B  
          _ET0 000A9            _ET1 000AB            _EX0 000A8  
          _EX1 000AA            _DPH 00083            _DPL 00082  
          _IT0 00088            _IT1 0008A            _RB8 0009A  
          _TF0 0008D            _TB8 0009B            _TF1 0008F  
          _TH0 0008C            _TH1 0008D            _SM0 0009F  
          _SM1 0009E            _TL0 0008A            _SM2 0009D  
          _PT0 000B9            _TL1 0008B            _PT1 000BB  
          _RS0 000D3            _RS1 000D4            _REN 0009C  
          _PX0 000B8            _PX1 000BA            _TR0 0008C  
          _TR1 0008E            _RXD 000B0            _PSW 000D0  
          _TXD 000B1        _P0_BITS 00080        _P1_BITS 00090  
      _P2_BITS 000A0        _P3_BITS 000B0        _IE_BITS 000A8  
     _ACC_BITS 000E0        _IP_BITS 000B8           f1430 00069  
         f1431 00088           f1432 00000           _ACC0 000E0  
         _ACC1 000E1           _ACC2 000E2           _ACC3 000E3  
         _ACC4 000E4           _ACC5 000E5           _ACC6 000E6  
         _ACC7 000E7  stack_internal 00001           _INT0 000B2  
         _INT1 000B3           _PCON 00087           _SCON 00098  
         _SBUF 00099           _TCON 00088           _TMOD 00089  
         _main 00067           _step 00020       _PSW_BITS 000D0  
    _PCON_BITS 00087      _SCON_BITS 00098      _TCON_BITS 00088  
    _dac_codes 00003      _TMOD_BITS 00089  
